[32m[Nest] 29984  - [39m09/03/2026, 8:11:30 pm [32m    LOG[39m [38;5;3m[NestFactory] [39m[32mStarting Nest application...[39m
[32m[Nest] 29984  - [39m09/03/2026, 8:11:30 pm [32m    LOG[39m [38;5;3m[InstanceLoader] [39m[32mAppModule dependencies initialized[39m[38;5;3m +17ms[39m
[32m[Nest] 29984  - [39m09/03/2026, 8:11:30 pm [32m    LOG[39m [38;5;3m[InstanceLoader] [39m[32mPrismaModule dependencies initialized[39m[38;5;3m +4ms[39m
[32m[Nest] 29984  - [39m09/03/2026, 8:11:30 pm [32m    LOG[39m [38;5;3m[InstanceLoader] [39m[32mPassportModule dependencies initialized[39m[38;5;3m +1ms[39m
[32m[Nest] 29984  - [39m09/03/2026, 8:11:30 pm [32m    LOG[39m [38;5;3m[InstanceLoader] [39m[32mConfigHostModule dependencies initialized[39m[38;5;3m +4ms[39m
[32m[Nest] 29984  - [39m09/03/2026, 8:11:30 pm [32m    LOG[39m [38;5;3m[InstanceLoader] [39m[32mConfigModule dependencies initialized[39m[38;5;3m +2ms[39m
[32m[Nest] 29984  - [39m09/03/2026, 8:11:30 pm [32m    LOG[39m [38;5;3m[InstanceLoader] [39m[32mConfigModule dependencies initialized[39m[38;5;3m +0ms[39m
[32m[Nest] 29984  - [39m09/03/2026, 8:11:30 pm [32m    LOG[39m [38;5;3m[InstanceLoader] [39m[32mRedisModule dependencies initialized[39m[38;5;3m +3ms[39m
[32m[Nest] 29984  - [39m09/03/2026, 8:11:30 pm [32m    LOG[39m [38;5;3m[InstanceLoader] [39m[32mUsersModule dependencies initialized[39m[38;5;3m +1ms[39m
[32m[Nest] 29984  - [39m09/03/2026, 8:11:30 pm [32m    LOG[39m [38;5;3m[InstanceLoader] [39m[32mTenantModule dependencies initialized[39m[38;5;3m +0ms[39m
[32m[Nest] 29984  - [39m09/03/2026, 8:11:30 pm [32m    LOG[39m [38;5;3m[InstanceLoader] [39m[32mCompanyModule dependencies initialized[39m[38;5;3m +0ms[39m
[32m[Nest] 29984  - [39m09/03/2026, 8:11:30 pm [32m    LOG[39m [38;5;3m[InstanceLoader] [39m[32mProductModule dependencies initialized[39m[38;5;3m +0ms[39m
[32m[Nest] 29984  - [39m09/03/2026, 8:11:30 pm [32m    LOG[39m [38;5;3m[InstanceLoader] [39m[32mAccountModule dependencies initialized[39m[38;5;3m +0ms[39m
[32m[Nest] 29984  - [39m09/03/2026, 8:11:30 pm [32m    LOG[39m [38;5;3m[InstanceLoader] [39m[32mAccountingModule dependencies initialized[39m[38;5;3m +0ms[39m
[32m[Nest] 29984  - [39m09/03/2026, 8:11:30 pm [32m    LOG[39m [38;5;3m[InstanceLoader] [39m[32mReportModule dependencies initialized[39m[38;5;3m +0ms[39m
[32m[Nest] 29984  - [39m09/03/2026, 8:11:30 pm [32m    LOG[39m [38;5;3m[InstanceLoader] [39m[32mAdminModule dependencies initialized[39m[38;5;3m +0ms[39m
[32m[Nest] 29984  - [39m09/03/2026, 8:11:30 pm [32m    LOG[39m [38;5;3m[InstanceLoader] [39m[32mJwtModule dependencies initialized[39m[38;5;3m +0ms[39m
[32m[Nest] 29984  - [39m09/03/2026, 8:11:30 pm [32m    LOG[39m [38;5;3m[InstanceLoader] [39m[32mInvoiceModule dependencies initialized[39m[38;5;3m +1ms[39m
[32m[Nest] 29984  - [39m09/03/2026, 8:11:30 pm [32m    LOG[39m [38;5;3m[InstanceLoader] [39m[32mAuthModule dependencies initialized[39m[38;5;3m +0ms[39m
[33m[Nest] 29984  - [39m09/03/2026, 8:11:30 pm [33m   WARN[39m [38;5;3m[RedisService] [39m[33mRedis error: [39m
[33m[Nest] 29984  - [39m09/03/2026, 8:11:30 pm [33m   WARN[39m [38;5;3m[RedisService] [39m[33mRedis not available: Connection is closed. ΓÇö running without cache[39m
[32m[Nest] 29984  - [39m09/03/2026, 8:11:30 pm [32m    LOG[39m [38;5;3m[PrismaService] [39m[32mDatabase connected[39m
Testing with tenant: prit (08522879-6244-4114-8679-3c948ead2f00)
Attempting login for user: shiv-fashion2_admin
[33m[Nest] 29984  - [39m09/03/2026, 8:11:30 pm [33m   WARN[39m [38;5;3m[RedisService] [39m[33mRedis error: [39m
Login result: 401 - Invalid credentials
[32m[Nest] 29984  - [39m09/03/2026, 8:11:31 pm [32m    LOG[39m [38;5;3m[PrismaService] [39m[32mDatabase disconnected[39m
[33m[Nest] 29984  - [39m09/03/2026, 8:11:31 pm [33m   WARN[39m [38;5;3m[RedisService] [39m[33mRedis error: [39m
[33m[Nest] 29984  - [39m09/03/2026, 8:11:31 pm [33m   WARN[39m [38;5;3m[RedisService] [39m[33mRedis error: [39m
[33m[Nest] 29984  - [39m09/03/2026, 8:11:31 pm [33m   WARN[39m [38;5;3m[RedisService] [39m[33mRedis unavailable after 3 retries ΓÇö running without cache[39m
